Creating test database for alias 'default'...

Got an error creating the test database: database "test_studiozens" already exists


Found 3 test(s).
